// Jest Snapshot v1, https://goo.gl/fbAQLP

exports[`PickerKeyboard rendering renders correctly with given props 1`] = `
<Modal
  animationType="slide"
  hardwareAccelerated={false}
  onOrientationChange={[Function]}
  supportedOrientations={
    Array [
      "portrait",
      "landscape",
      "landscape-left",
      "landscape-right",
    ]
  }
  transparent={true}
  visible={false}
>
  <View
    accessible={true}
    onResponderGrant={[Function]}
    onResponderMove={[Function]}
    onResponderRelease={[Function]}
    onResponderTerminate={[Function]}
    onResponderTerminationRequest={[Function]}
    onStartShouldSetResponder={[Function]}
    style={
      Object {
        "alignItems": "center",
        "flex": 1,
        "justifyContent": "flex-end",
      }
    }
  >
    <View
      style={
        Array [
          Object {
            "alignItems": "center",
            "backgroundColor": "#F5FCFF",
            "justifyContent": "center",
            "padding": 0,
          },
          Object {
            "width": 750,
          },
        ]
      }
    >
      <View
        style={
          Array [
            Object {
              "backgroundColor": "#CCCFD6",
              "borderBottomWidth": 0,
              "borderColor": "#CCCFD6",
              "borderTopColor": "lightgrey",
              "borderTopWidth": 0.5,
              "flexDirection": "row",
              "justifyContent": "space-between",
              "padding": 0,
            },
            undefined,
            Object {
              "width": 750,
            },
          ]
        }
      >
        <View
          accessible={true}
          isTVSelectable={true}
          onResponderGrant={[Function]}
          onResponderMove={[Function]}
          onResponderRelease={[Function]}
          onResponderTerminate={[Function]}
          onResponderTerminationRequest={[Function]}
          onStartShouldSetResponder={[Function]}
          style={
            Object {
              "opacity": 1,
            }
          }
        >
          <Text
            allowFontScaling={false}
            style={
              Array [
                Object {
                  "color": "#006BFF",
                  "padding": 8,
                },
                Object {
                  "color": "#BBBBBB",
                  "fontSize": 13,
                },
                Object {
                  "textAlign": "left",
                },
              ]
            }
          >
            cancelKeyText
          </Text>
        </View>
        <View
          accessible={true}
          isTVSelectable={true}
          onResponderGrant={[Function]}
          onResponderMove={[Function]}
          onResponderRelease={[Function]}
          onResponderTerminate={[Function]}
          onResponderTerminationRequest={[Function]}
          onStartShouldSetResponder={[Function]}
          style={
            Object {
              "opacity": 1,
            }
          }
        >
          <Text
            allowFontScaling={false}
            style={
              Array [
                Object {
                  "color": "#006BFF",
                  "padding": 8,
                },
                Object {
                  "color": "#BBBBBB",
                  "fontSize": 13,
                },
                Object {
                  "textAlign": "right",
                },
              ]
            }
          >
            submitKeyText
          </Text>
        </View>
      </View>
      <View>
        <View
          style={
            Array [
              Object {
                "backgroundColor": "#FFFFFF",
              },
              Object {
                "backgroundColor": "#CCCCCC",
              },
              Object {
                "width": 750,
              },
            ]
          }
        >
          <RCTPicker
            items={
              Array [
                Object {
                  "label": "0",
                  "textColor": undefined,
                  "value": 0,
                },
              ]
            }
            onChange={[Function]}
            onResponderTerminationRequest={[Function]}
            onStartShouldSetResponder={[Function]}
            selectedIndex={0}
            style={
              Array [
                Object {
                  "height": 216,
                },
                undefined,
              ]
            }
          />
        </View>
      </View>
    </View>
  </View>
</Modal>
`;
